[2026-02-03 19:07:44] === BATCH START ===
 - Batch Index: 0
 - Batch Size: 100
 - First SKU Sample: AF-AM-7-D

[2026-02-03 19:07:48] === BATCH START ===
 - Batch Index: 1
 - Batch Size: 100
 - First SKU Sample: TOOL-8205-BL

[2026-02-03 19:07:51] === BATCH START ===
 - Batch Index: 2
 - Batch Size: 100
 - First SKU Sample: BA-AM-9-D

[2026-02-03 19:07:53] === BATCH START ===
 - Batch Index: 3
 - Batch Size: 100
 - First SKU Sample: BC-HP-18-G-R

[2026-02-03 19:07:55] === BATCH START ===
 - Batch Index: 4
 - Batch Size: 100
 - First SKU Sample: BC-HP-3-G-R-0

[2026-02-03 19:07:56] === BATCH START ===
 - Batch Index: 5
 - Batch Size: 100
 - First SKU Sample: BC-HP-40-G-GY-0

[2026-02-03 19:07:58] === BATCH START ===
 - Batch Index: 6
 - Batch Size: 100
 - First SKU Sample: BC-HP-59-G-BL

[2026-02-03 19:08:00] === BATCH START ===
 - Batch Index: 7
 - Batch Size: 100
 - First SKU Sample: BC-HP-7-G-R-0

[2026-02-03 19:08:01] === BATCH START ===
 - Batch Index: 8
 - Batch Size: 100
 - First SKU Sample: BC-HP-80-G-GY-0

[2026-02-03 19:08:03] === BATCH START ===
 - Batch Index: 9
 - Batch Size: 100
 - First SKU Sample: BC-HP-94-G-BL

[2026-02-03 19:08:04] === BATCH START ===
 - Batch Index: 10
 - Batch Size: 100
 - First SKU Sample: BD-AL-27-A-N-M

[2026-02-03 19:08:08] === BATCH START ===
 - Batch Index: 11
 - Batch Size: 100
 - First SKU Sample: BD-EL-22-A-N-XL

[2026-02-03 19:08:11] === BATCH START ===
 - Batch Index: 12
 - Batch Size: 100
 - First SKU Sample: SLAZ-7609-R

[2026-02-03 19:08:13] === BATCH START ===
 - Batch Index: 13
 - Batch Size: 100
 - First SKU Sample: BD-UT-26-A-ST-3XL

[2026-02-03 19:08:17] === BATCH START ===
 - Batch Index: 14
 - Batch Size: 100
 - First SKU Sample: IDEA-0110-O

[2026-02-03 19:08:21] === BATCH START ===
 - Batch Index: 15
 - Batch Size: 100
 - First SKU Sample: IDEA-52009-BU

[2026-02-03 19:08:24] === BATCH START ===
 - Batch Index: 16
 - Batch Size: 100
 - First SKU Sample: BG-AL-462-B-SW

[2026-02-03 19:08:26] === BATCH START ===
 - Batch Index: 17
 - Batch Size: 100
 - First SKU Sample: BG-AL-524-B-GY-0

[2026-02-03 19:08:27] === BATCH START ===
 - Batch Index: 18
 - Batch Size: 100
 - First SKU Sample: BG-AL-548-B-Y

[2026-02-03 19:08:31] === BATCH START ===
 - Batch Index: 19
 - Batch Size: 100
 - First SKU Sample: BAG-4622-BL

[2026-02-03 19:08:35] === BATCH START ===
 - Batch Index: 20
 - Batch Size: 100
 - First SKU Sample: GIFTBAG-1010-SW

[2026-02-03 19:08:39] === BATCH START ===
 - Batch Index: 21
 - Batch Size: 100
 - First SKU Sample: BG-AM-384-B-GY-0

[2026-02-03 19:08:43] === BATCH START ===
 - Batch Index: 22
 - Batch Size: 100
 - First SKU Sample: BAG-3516

[2026-02-03 19:08:46] === BATCH START ===
 - Batch Index: 23
 - Batch Size: 100
 - First SKU Sample: BAG-4165

[2026-02-03 19:08:50] === BATCH START ===
 - Batch Index: 24
 - Batch Size: 100
 - First SKU Sample: BG-KS-372-B-N-0

[2026-02-03 19:08:54] === BATCH START ===
 - Batch Index: 25
 - Batch Size: 100
 - First SKU Sample: BG-OK-430-B

[2026-02-03 19:08:55] === BATCH START ===
 - Batch Index: 26
 - Batch Size: 100
 - First SKU Sample: BG-OK-520-B

[2026-02-03 19:08:57] === BATCH START ===
 - Batch Index: 27
 - Batch Size: 100
 - First SKU Sample: BG-SD-411-B-GY-0

[2026-02-03 19:09:00] === BATCH START ===
 - Batch Index: 28
 - Batch Size: 100
 - First SKU Sample: BG-SL-351-B

[2026-02-03 19:09:04] === BATCH START ===
 - Batch Index: 29
 - Batch Size: 100
 - First SKU Sample: ALT-CHI-N-40

[2026-02-03 19:09:06] === BATCH START ===
 - Batch Index: 30
 - Batch Size: 100
 - First SKU Sample: ALT-ZIP-BL-42

[2026-02-03 19:09:07] === BATCH START ===
 - Batch Index: 31
 - Batch Size: 100
 - First SKU Sample: ALT-HLD-ST-36

[2026-02-03 19:09:09] === BATCH START ===
 - Batch Index: 32
 - Batch Size: 100
 - First SKU Sample: BAS-8021-BL

[2026-02-03 19:09:10] === BATCH START ===
 - Batch Index: 33
 - Batch Size: 100
 - First SKU Sample: BO-UT-31-A-C-46

[2026-02-03 19:09:12] === BATCH START ===
 - Batch Index: 34
 - Batch Size: 100
 - First SKU Sample: BO-UT-34-A-KH-42

[2026-02-03 19:09:13] === BATCH START ===
 - Batch Index: 35
 - Batch Size: 100
 - First SKU Sample: BO-UT-37-A-KH-38

[2026-02-03 19:09:14] === BATCH START ===
 - Batch Index: 36
 - Batch Size: 100
 - First SKU Sample: ALT-1202-Y-4XL

[2026-02-03 19:09:18] === BATCH START ===
 - Batch Index: 37
 - Batch Size: 100
 - First SKU Sample: CA-AM-56-E-P

[2026-02-03 19:09:20] === BATCH START ===
 - Batch Index: 38
 - Batch Size: 100
 - First SKU Sample: CA-AM-61-E-G

[2026-02-03 19:09:21] === BATCH START ===
 - Batch Index: 39
 - Batch Size: 100
 - First SKU Sample: CC-HP-15-G-N-0

[2026-02-03 19:09:22] === BATCH START ===
 - Batch Index: 40
 - Batch Size: 100
 - First SKU Sample: CC-HP-27-G-BL-0

[2026-02-03 19:09:24] === BATCH START ===
 - Batch Index: 41
 - Batch Size: 100
 - First SKU Sample: CL-AL-116-B-L-0

[2026-02-03 19:09:28] === BATCH START ===
 - Batch Index: 42
 - Batch Size: 100
 - First SKU Sample: COOL-5305-GY

[2026-02-03 19:09:31] === BATCH START ===
 - Batch Index: 43
 - Batch Size: 100
 - First SKU Sample: COOL-5066-GY

[2026-02-03 19:09:35] === BATCH START ===
 - Batch Index: 44
 - Batch Size: 100
 - First SKU Sample: CL-OK-111-B

[2026-02-03 19:09:39] === BATCH START ===
 - Batch Index: 45
 - Batch Size: 100
 - First SKU Sample: CP-AM-1019-B-NT

[2026-02-03 19:09:40] === BATCH START ===
 - Batch Index: 46
 - Batch Size: 100
 - First SKU Sample: ALT-1101-R-40

[2026-02-03 19:09:42] === BATCH START ===
 - Batch Index: 47
 - Batch Size: 100
 - First SKU Sample: ALT-1112-KH-XL

[2026-02-03 19:09:43] === BATCH START ===
 - Batch Index: 48
 - Batch Size: 100
 - First SKU Sample: ALT-1116-BU-L

[2026-02-03 19:09:45] === BATCH START ===
 - Batch Index: 49
 - Batch Size: 100
 - First SKU Sample: ALT-1120-G-38

[2026-02-03 19:09:46] === BATCH START ===
 - Batch Index: 50
 - Batch Size: 100
 - First SKU Sample: ALT-1103-RB-54

[2026-02-03 19:09:48] === BATCH START ===
 - Batch Index: 51
 - Batch Size: 100
 - First SKU Sample: ALT-1107-RB-2XL

[2026-02-03 19:09:49] === BATCH START ===
 - Batch Index: 52
 - Batch Size: 100
 - First SKU Sample: CW-AL-181-A-W-XL

[2026-02-03 19:09:51] === BATCH START ===
 - Batch Index: 53
 - Batch Size: 100
 - First SKU Sample: ALT-EDS-BU

[2026-02-03 19:09:52] === BATCH START ===
 - Batch Index: 54
 - Batch Size: 100
 - First SKU Sample: ALT-EPML-W

[2026-02-03 19:09:54] === BATCH START ===
 - Batch Index: 55
 - Batch Size: 100
 - First SKU Sample: ALT-HAL-SB

[2026-02-03 19:09:55] === BATCH START ===
 - Batch Index: 56
 - Batch Size: 100
 - First SKU Sample: ALT-MOL-LB-S

[2026-02-03 19:09:57] === BATCH START ===
 - Batch Index: 57
 - Batch Size: 100
 - First SKU Sample: ALT-NAML-SB-L

[2026-02-03 19:09:58] === BATCH START ===
 - Batch Index: 58
 - Batch Size: 100
 - First SKU Sample: ALT-NHML-SB-2XL

[2026-02-03 19:10:00] === BATCH START ===
 - Batch Index: 59
 - Batch Size: 100
 - First SKU Sample: ALT-RBY-R-XL

[2026-02-03 19:10:01] === BATCH START ===
 - Batch Index: 60
 - Batch Size: 100
 - First SKU Sample: CW-AV-179-A

[2026-02-03 19:10:03] === BATCH START ===
 - Batch Index: 61
 - Batch Size: 100
 - First SKU Sample: CW-AV-187-A-BL-3XL

[2026-02-03 19:10:04] === BATCH START ===
 - Batch Index: 62
 - Batch Size: 100
 - First SKU Sample: BIZ-3624-BR-3XL

[2026-02-03 19:10:06] === BATCH START ===
 - Batch Index: 63
 - Batch Size: 100
 - First SKU Sample: BIZ-3631-BU-4XL

[2026-02-03 19:10:07] === BATCH START ===
 - Batch Index: 64
 - Batch Size: 100
 - First SKU Sample: ELE-4012-BU-M

[2026-02-03 19:10:09] === BATCH START ===
 - Batch Index: 65
 - Batch Size: 100
 - First SKU Sample: GP-7450-BU-5XL

[2026-02-03 19:10:10] === BATCH START ===
 - Batch Index: 66
 - Batch Size: 100
 - First SKU Sample: BAS-11208-W-4XL

[2026-02-03 19:10:11] === BATCH START ===
 - Batch Index: 67
 - Batch Size: 100
 - First SKU Sample: BAS-3417-KH

[2026-02-03 19:10:13] === BATCH START ===
 - Batch Index: 68
 - Batch Size: 100
 - First SKU Sample: BAS-3419-LB-4XL

[2026-02-03 19:10:14] === BATCH START ===
 - Batch Index: 69
 - Batch Size: 100
 - First SKU Sample: BAS-3422-WLB-2XL

[2026-02-03 19:10:16] === BATCH START ===
 - Batch Index: 70
 - Batch Size: 100
 - First SKU Sample: BAS-4764-NB

[2026-02-03 19:10:17] === BATCH START ===
 - Batch Index: 71
 - Batch Size: 100
 - First SKU Sample: BAS-7757-GY-3XL

[2026-02-03 19:10:19] === BATCH START ===
 - Batch Index: 72
 - Batch Size: 100
 - First SKU Sample: BAS-7759-GY-S

[2026-02-03 19:10:20] === BATCH START ===
 - Batch Index: 73
 - Batch Size: 100
 - First SKU Sample: BAS-7760-CAM-4XL

[2026-02-03 19:10:22] === BATCH START ===
 - Batch Index: 74
 - Batch Size: 100
 - First SKU Sample: BAS-7762-ST-M

[2026-02-03 19:10:23] === BATCH START ===
 - Batch Index: 75
 - Batch Size: 100
 - First SKU Sample: BAS-7766-R-3XL

[2026-02-03 19:10:25] === BATCH START ===
 - Batch Index: 76
 - Batch Size: 100
 - First SKU Sample: BAS-7771-W-M

[2026-02-03 19:10:26] === BATCH START ===
 - Batch Index: 77
 - Batch Size: 100
 - First SKU Sample: BAS-808-R-3XL

[2026-02-03 19:10:27] === BATCH START ===
 - Batch Index: 78
 - Batch Size: 100
 - First SKU Sample: BAS-811-PI-L

[2026-02-03 19:10:29] === BATCH START ===
 - Batch Index: 79
 - Batch Size: 100
 - First SKU Sample: BAS-9502-RB

[2026-02-03 19:10:30] === BATCH START ===
 - Batch Index: 80
 - Batch Size: 100
 - First SKU Sample: CW-UB-185-A-W-XL

[2026-02-03 19:10:32] === BATCH START ===
 - Batch Index: 81
 - Batch Size: 100
 - First SKU Sample: CW-UB-193-A-N-2XL

[2026-02-03 19:10:33] === BATCH START ===
 - Batch Index: 82
 - Batch Size: 100
 - First SKU Sample: CW-UB-197-A-BL-3XL

[2026-02-03 19:10:34] === BATCH START ===
 - Batch Index: 83
 - Batch Size: 100
 - First SKU Sample: BAS-10261-W-S

[2026-02-03 19:10:36] === BATCH START ===
 - Batch Index: 84
 - Batch Size: 100
 - First SKU Sample: CW-UT-202-A-KH-4XL

[2026-02-03 19:10:37] === BATCH START ===
 - Batch Index: 85
 - Batch Size: 100
 - First SKU Sample: CW-UT-206-A-KH-S

[2026-02-03 19:10:41] === BATCH START ===
 - Batch Index: 86
 - Batch Size: 100
 - First SKU Sample: IDEA-54010-BU

[2026-02-03 19:10:45] === BATCH START ===
 - Batch Index: 87
 - Batch Size: 100
 - First SKU Sample: DR-AL-246-B-OB-0

[2026-02-03 19:10:46] === BATCH START ===
 - Batch Index: 88
 - Batch Size: 100
 - First SKU Sample: DR-AL-290-B-DG1

[2026-02-03 19:10:50] === BATCH START ===
 - Batch Index: 89
 - Batch Size: 100
 - First SKU Sample: DW-6595-DG2

[2026-02-03 19:10:54] === BATCH START ===
 - Batch Index: 90
 - Batch Size: 100
 - First SKU Sample: DW-6975-S

[2026-02-03 19:10:58] === BATCH START ===
 - Batch Index: 91
 - Batch Size: 100
 - First SKU Sample: DR-AV-254-B-BL-0

[2026-02-03 19:11:01] === BATCH START ===
 - Batch Index: 92
 - Batch Size: 100
 - First SKU Sample: KOOSH-9200-L

[2026-02-03 19:11:03] === BATCH START ===
 - Batch Index: 93
 - Batch Size: 100
 - First SKU Sample: DR-KS-283-B-L-0

[2026-02-03 19:11:04] === BATCH START ===
 - Batch Index: 94
 - Batch Size: 100
 - First SKU Sample: DR-OK-256-B-C-0

[2026-02-03 19:11:06] === BATCH START ===
 - Batch Index: 95
 - Batch Size: 100
 - First SKU Sample: DR-SD-274-B-LT

[2026-02-03 19:11:10] === BATCH START ===
 - Batch Index: 96
 - Batch Size: 100
 - First SKU Sample: DR-SL-295-B-SW

[2026-02-03 19:11:13] === BATCH START ===
 - Batch Index: 97
 - Batch Size: 100
 - First SKU Sample: SKIN-7023

[2026-02-03 19:11:17] === BATCH START ===
 - Batch Index: 98
 - Batch Size: 100
 - First SKU Sample: ALT-RTR-R-5

[2026-02-03 19:11:18] === BATCH START ===
 - Batch Index: 99
 - Batch Size: 100
 - First SKU Sample: FO-AL-3-A-BL-11

[2026-02-03 19:11:20] === BATCH START ===
 - Batch Index: 100
 - Batch Size: 100
 - First SKU Sample: ALT-PGSL-C-XL

[2026-02-03 19:11:22] === BATCH START ===
 - Batch Index: 101
 - Batch Size: 100
 - First SKU Sample: ALT-PSSM-BL-M

[2026-02-03 19:11:23] === BATCH START ===
 - Batch Index: 102
 - Batch Size: 100
 - First SKU Sample: ALT-FNSM-GY-4XL

[2026-02-03 19:11:25] === BATCH START ===
 - Batch Index: 103
 - Batch Size: 100
 - First SKU Sample: BAS-8000

[2026-02-03 19:11:26] === BATCH START ===
 - Batch Index: 104
 - Batch Size: 100
 - First SKU Sample: BAS-9702-N-5XL

[2026-02-03 19:11:28] === BATCH START ===
 - Batch Index: 105
 - Batch Size: 100
 - First SKU Sample: ALT-1905

[2026-02-03 19:11:29] === BATCH START ===
 - Batch Index: 106
 - Batch Size: 100
 - First SKU Sample: GF-AC-1403-B-0-0

[2026-02-03 19:11:31] === BATCH START ===
 - Batch Index: 107
 - Batch Size: 100
 - First SKU Sample: GF-AL-1261-B-GY-0

[2026-02-03 19:11:32] === BATCH START ===
 - Batch Index: 108
 - Batch Size: 100
 - First SKU Sample: GF-AL-1269-B-BO

[2026-02-03 19:11:34] === BATCH START ===
 - Batch Index: 109
 - Batch Size: 100
 - First SKU Sample: GF-AL-1299-B-O-0

[2026-02-03 19:11:35] === BATCH START ===
 - Batch Index: 110
 - Batch Size: 100
 - First SKU Sample: GF-AL-1327-B-L-0

[2026-02-03 19:11:37] === BATCH START ===
 - Batch Index: 111
 - Batch Size: 100
 - First SKU Sample: GF-AL-1342-B-O-0

[2026-02-03 19:11:38] === BATCH START ===
 - Batch Index: 112
 - Batch Size: 100
 - First SKU Sample: GF-AL-1348-B-N-0

[2026-02-03 19:11:40] === BATCH START ===
 - Batch Index: 113
 - Batch Size: 100
 - First SKU Sample: GF-AL-1372-B-P

[2026-02-03 19:11:42] === BATCH START ===
 - Batch Index: 114
 - Batch Size: 100
 - First SKU Sample: GF-AL-1388-B-BL

[2026-02-03 19:11:45] === BATCH START ===
 - Batch Index: 115
 - Batch Size: 100
 - First SKU Sample: GF-AM-1001-B-TQ

[2026-02-03 19:11:47] === BATCH START ===
 - Batch Index: 116
 - Batch Size: 100
 - First SKU Sample: GF-AM-1064-B-GY-0

[2026-02-03 19:11:48] === BATCH START ===
 - Batch Index: 117
 - Batch Size: 100
 - First SKU Sample: GF-AM-1104-B-BU

[2026-02-03 19:11:50] === BATCH START ===
 - Batch Index: 118
 - Batch Size: 100
 - First SKU Sample: GF-AM-1193-B-LB

[2026-02-03 19:11:51] === BATCH START ===
 - Batch Index: 119
 - Batch Size: 100
 - First SKU Sample: GF-AM-1209-B-BL

[2026-02-03 19:11:55] === BATCH START ===
 - Batch Index: 120
 - Batch Size: 100
 - First SKU Sample: GIFTSET-7461

[2026-02-03 19:11:58] === BATCH START ===
 - Batch Index: 121
 - Batch Size: 100
 - First SKU Sample: USB-7465-SW-8GB

[2026-02-03 19:12:02] === BATCH START ===
 - Batch Index: 122
 - Batch Size: 100
 - First SKU Sample: GF-AM-642-B-CY-0

[2026-02-03 19:12:08] === BATCH START ===
 - Batch Index: 123
 - Batch Size: 100
 - First SKU Sample: GF-AM-851-B

[2026-02-03 19:12:09] === BATCH START ===
 - Batch Index: 124
 - Batch Size: 100
 - First SKU Sample: GF-AM-925-B-BL-0

[2026-02-03 19:12:11] === BATCH START ===
 - Batch Index: 125
 - Batch Size: 100
 - First SKU Sample: GF-AM-948-B-BL

[2026-02-03 19:12:14] === BATCH START ===
 - Batch Index: 126
 - Batch Size: 100
 - First SKU Sample: GF-AV-1162-B-BL

[2026-02-03 19:12:16] === BATCH START ===
 - Batch Index: 127
 - Batch Size: 100
 - First SKU Sample: GF-AV-1289-B-DG1

[2026-02-03 19:12:19] === BATCH START ===
 - Batch Index: 128
 - Batch Size: 100
 - First SKU Sample: GF-AV-1404-B-BL

[2026-02-03 19:12:23] === BATCH START ===
 - Batch Index: 129
 - Batch Size: 100
 - First SKU Sample: GF-AV-922-B-GD

[2026-02-03 19:12:24] === BATCH START ===
 - Batch Index: 130
 - Batch Size: 100
 - First SKU Sample: GF-EE-1116-B-NT-0

[2026-02-03 19:12:26] === BATCH START ===
 - Batch Index: 131
 - Batch Size: 100
 - First SKU Sample: GF-KS-1086-B-TQ-0

[2026-02-03 19:12:28] === BATCH START ===
 - Batch Index: 132
 - Batch Size: 100
 - First SKU Sample: GF-KS-1355-B-L-0

[2026-02-03 19:12:31] === BATCH START ===
 - Batch Index: 133
 - Batch Size: 100
 - First SKU Sample: KOOSH-8906-L

[2026-02-03 19:12:35] === BATCH START ===
 - Batch Index: 134
 - Batch Size: 100
 - First SKU Sample: KOOSH-9100-BL

[2026-02-03 19:12:39] === BATCH START ===
 - Batch Index: 135
 - Batch Size: 100
 - First SKU Sample: GF-KS-882-B-Y

[2026-02-03 19:12:40] === BATCH START ===
 - Batch Index: 136
 - Batch Size: 100
 - First SKU Sample: GF-OK-1082-B-BL

[2026-02-03 19:12:44] === BATCH START ===
 - Batch Index: 137
 - Batch Size: 100
 - First SKU Sample: GF-SD-1119-B-NT

[2026-02-03 19:12:46] === BATCH START ===
 - Batch Index: 138
 - Batch Size: 100
 - First SKU Sample: GF-SD-1389-B-SA

[2026-02-03 19:12:47] === BATCH START ===
 - Batch Index: 139
 - Batch Size: 100
 - First SKU Sample: GH-YT-1-B-S-0

[2026-02-03 19:12:48] === BATCH START ===
 - Batch Index: 140
 - Batch Size: 100
 - First SKU Sample: GH-YT-114-B-MO

[2026-02-03 19:12:50] === BATCH START ===
 - Batch Index: 141
 - Batch Size: 100
 - First SKU Sample: GH-YT-129-B-N

[2026-02-03 19:12:52] === BATCH START ===
 - Batch Index: 142
 - Batch Size: 100
 - First SKU Sample: GH-YT-28-B-PI

[2026-02-03 19:12:53] === BATCH START ===
 - Batch Index: 143
 - Batch Size: 100
 - First SKU Sample: GH-YT-42-B-CY

[2026-02-03 19:12:55] === BATCH START ===
 - Batch Index: 144
 - Batch Size: 100
 - First SKU Sample: GH-YT-51-B-R

[2026-02-03 19:12:56] === BATCH START ===
 - Batch Index: 145
 - Batch Size: 100
 - First SKU Sample: GH-YT-62-B-GD-0

[2026-02-03 19:12:57] === BATCH START ===
 - Batch Index: 146
 - Batch Size: 100
 - First SKU Sample: GH-YT-75-B

[2026-02-03 19:12:59] === BATCH START ===
 - Batch Index: 147
 - Batch Size: 100
 - First SKU Sample: GH-YT-89-B

[2026-02-03 19:13:00] === BATCH START ===
 - Batch Index: 148
 - Batch Size: 100
 - First SKU Sample: GP-AL-103-B-N

[2026-02-03 19:13:02] === BATCH START ===
 - Batch Index: 149
 - Batch Size: 100
 - First SKU Sample: GP-AL-129-B-0-0

[2026-02-03 19:13:03] === BATCH START ===
 - Batch Index: 150
 - Batch Size: 100
 - First SKU Sample: GP-AL-34-B-BU-0

[2026-02-03 19:13:05] === BATCH START ===
 - Batch Index: 151
 - Batch Size: 100
 - First SKU Sample: GP-AL-49-B-N

[2026-02-03 19:13:06] === BATCH START ===
 - Batch Index: 152
 - Batch Size: 100
 - First SKU Sample: GP-AL-54-B

[2026-02-03 19:13:08] === BATCH START ===
 - Batch Index: 153
 - Batch Size: 100
 - First SKU Sample: GP-AL-63-B-PI

[2026-02-03 19:13:10] === BATCH START ===
 - Batch Index: 154
 - Batch Size: 100
 - First SKU Sample: GP-AL-76-B-SW

[2026-02-03 19:13:11] === BATCH START ===
 - Batch Index: 155
 - Batch Size: 100
 - First SKU Sample: GP-AL-89-B-MG-0

[2026-02-03 19:13:13] === BATCH START ===
 - Batch Index: 156
 - Batch Size: 100
 - First SKU Sample: GP-AV-73-B-BL

[2026-02-03 19:13:14] === BATCH START ===
 - Batch Index: 157
 - Batch Size: 100
 - First SKU Sample: GP-KS-93-B-NU

[2026-02-03 19:13:16] === BATCH START ===
 - Batch Index: 158
 - Batch Size: 100
 - First SKU Sample: GP-SD-71-B

[2026-02-03 19:13:17] === BATCH START ===
 - Batch Index: 159
 - Batch Size: 100
 - First SKU Sample: ALT-BDL-N-L

[2026-02-03 19:13:19] === BATCH START ===
 - Batch Index: 160
 - Batch Size: 100
 - First SKU Sample: ALT-CFL-R-S

[2026-02-03 19:13:20] === BATCH START ===
 - Batch Index: 161
 - Batch Size: 100
 - First SKU Sample: ALT-APM-BLR-5XL

[2026-02-03 19:13:22] === BATCH START ===
 - Batch Index: 162
 - Batch Size: 100
 - First SKU Sample: ALT-CPGL-M

[2026-02-03 19:13:24] === BATCH START ===
 - Batch Index: 163
 - Batch Size: 100
 - First SKU Sample: ALT-DKG-AQ-XL

[2026-02-03 19:13:25] === BATCH START ===
 - Batch Index: 164
 - Batch Size: 100
 - First SKU Sample: GS-AL-273-A-GY-3XL

[2026-02-03 19:13:27] === BATCH START ===
 - Batch Index: 165
 - Batch Size: 100
 - First SKU Sample: GS-AL-275-A-N-XL

[2026-02-03 19:13:28] === BATCH START ===
 - Batch Index: 166
 - Batch Size: 100
 - First SKU Sample: GS-AL-278-A-BL-2XL

[2026-02-03 19:13:30] === BATCH START ===
 - Batch Index: 167
 - Batch Size: 100
 - First SKU Sample: GS-AL-281-A-GY-XL

[2026-02-03 19:13:31] === BATCH START ===
 - Batch Index: 168
 - Batch Size: 100
 - First SKU Sample: GS-AL-283-A-BL-5XL

[2026-02-03 19:13:33] === BATCH START ===
 - Batch Index: 169
 - Batch Size: 100
 - First SKU Sample: ALT-DTM-BL-XL

[2026-02-03 19:13:34] === BATCH START ===
 - Batch Index: 170
 - Batch Size: 100
 - First SKU Sample: ALT-ECH-BL-XL

[2026-02-03 19:13:36] === BATCH START ===
 - Batch Index: 171
 - Batch Size: 100
 - First SKU Sample: ALT-EVL-L-XL

[2026-02-03 19:13:38] === BATCH START ===
 - Batch Index: 172
 - Batch Size: 100
 - First SKU Sample: ALT-EVM-O-XL

[2026-02-03 19:13:40] === BATCH START ===
 - Batch Index: 173
 - Batch Size: 100
 - First SKU Sample: ALT-EXM-RB

[2026-02-03 19:13:41] === BATCH START ===
 - Batch Index: 174
 - Batch Size: 100
 - First SKU Sample: ALT-GWM-GY-XL

[2026-02-03 19:13:43] === BATCH START ===
 - Batch Index: 175
 - Batch Size: 100
 - First SKU Sample: ALT-LCA-BL-L

[2026-02-03 19:13:44] === BATCH START ===
 - Batch Index: 176
 - Batch Size: 100
 - First SKU Sample: ALT-MLL-GY-2XL

[2026-02-03 19:13:46] === BATCH START ===
 - Batch Index: 177
 - Batch Size: 100
 - First SKU Sample: ALT-MLM-W-4XL

[2026-02-03 19:13:47] === BATCH START ===
 - Batch Index: 178
 - Batch Size: 100
 - First SKU Sample: ALT-NYG-LB-3XL

[2026-02-03 19:13:49] === BATCH START ===
 - Batch Index: 179
 - Batch Size: 100
 - First SKU Sample: ALT-BBK-C-12

[2026-02-03 19:13:50] === BATCH START ===
 - Batch Index: 180
 - Batch Size: 100
 - First SKU Sample: ALT-OKL-CY

[2026-02-03 19:13:52] === BATCH START ===
 - Batch Index: 181
 - Batch Size: 100
 - First SKU Sample: ALT-OKM-W-4XL

[2026-02-03 19:13:54] === BATCH START ===
 - Batch Index: 182
 - Batch Size: 100
 - First SKU Sample: ALT-PGM-BL-4XL

[2026-02-03 19:13:55] === BATCH START ===
 - Batch Index: 183
 - Batch Size: 100
 - First SKU Sample: ALT-SCO-WLB-5XL

[2026-02-03 19:13:57] === BATCH START ===
 - Batch Index: 184
 - Batch Size: 100
 - First SKU Sample: ALT-BBL-C

[2026-02-03 19:13:58] === BATCH START ===
 - Batch Index: 185
 - Batch Size: 100
 - First SKU Sample: ALT-BBL-PI-4XL

[2026-02-03 19:13:59] === BATCH START ===
 - Batch Index: 186
 - Batch Size: 100
 - First SKU Sample: ALT-TRK-L-6

[2026-02-03 19:14:01] === BATCH START ===
 - Batch Index: 187
 - Batch Size: 100
 - First SKU Sample: ALT-TRL-R-4XL

[2026-02-03 19:14:03] === BATCH START ===
 - Batch Index: 188
 - Batch Size: 100
 - First SKU Sample: ALT-TRM-W-XL

[2026-02-03 19:14:04] === BATCH START ===
 - Batch Index: 189
 - Batch Size: 100
 - First SKU Sample: ALT-BBM-G-M

[2026-02-03 19:14:06] === BATCH START ===
 - Batch Index: 190
 - Batch Size: 100
 - First SKU Sample: ALT-BBM-Y-3XL

[2026-02-03 19:14:07] === BATCH START ===
 - Batch Index: 191
 - Batch Size: 100
 - First SKU Sample: ALT-ZEL-R-3XL

[2026-02-03 19:14:08] === BATCH START ===
 - Batch Index: 192
 - Batch Size: 100
 - First SKU Sample: GS-AV-264-A-BL-XL

[2026-02-03 19:14:10] === BATCH START ===
 - Batch Index: 193
 - Batch Size: 100
 - First SKU Sample: GS-AV-267-A-BL-L

[2026-02-03 19:14:11] === BATCH START ===
 - Batch Index: 194
 - Batch Size: 100
 - First SKU Sample: GS-AV-270-A-N-4XL

[2026-02-03 19:14:13] === BATCH START ===
 - Batch Index: 195
 - Batch Size: 100
 - First SKU Sample: GS-AV-285-A-W-S

[2026-02-03 19:14:14] === BATCH START ===
 - Batch Index: 196
 - Batch Size: 100
 - First SKU Sample: GS-AV-288-A-N-XL

[2026-02-03 19:14:16] === BATCH START ===
 - Batch Index: 197
 - Batch Size: 100
 - First SKU Sample: BIZ-3605-BL-4XL

[2026-02-03 19:14:17] === BATCH START ===
 - Batch Index: 198
 - Batch Size: 100
 - First SKU Sample: BIZ-3613-R-3XL

[2026-02-03 19:14:18] === BATCH START ===
 - Batch Index: 199
 - Batch Size: 100
 - First SKU Sample: BIZ-4853-N-M

[2026-02-03 19:14:20] === BATCH START ===
 - Batch Index: 200
 - Batch Size: 100
 - First SKU Sample: BIZ-5080-GY-M

[2026-02-03 19:14:21] === BATCH START ===
 - Batch Index: 201
 - Batch Size: 100
 - First SKU Sample: BIZ-7105-BU-16

[2026-02-03 19:14:23] === BATCH START ===
 - Batch Index: 202
 - Batch Size: 100
 - First SKU Sample: BIZ-7107-GY-L

[2026-02-03 19:14:24] === BATCH START ===
 - Batch Index: 203
 - Batch Size: 100
 - First SKU Sample: CB-9905-R-3XL

[2026-02-03 19:14:26] === BATCH START ===
 - Batch Index: 204
 - Batch Size: 100
 - First SKU Sample: ELE-5617-LB

[2026-02-03 19:14:27] === BATCH START ===
 - Batch Index: 205
 - Batch Size: 100
 - First SKU Sample: ELE-7302-W-L